// Jest Snapshot v1, https://goo.gl/fbAQLP

exports[`ContentInfo.vue  Should mount the component 1`] = `"<div class=\\"content__info\\"><span><!----></span> <small></small></div>"`;
