// Jest Snapshot v1, https://goo.gl/fbAQLP

exports[`Spinner.vue Should mount the componente 1`] = `"<div class=\\"spinner-container\\"><span class=\\"spinner\\" style=\\"min-height: inheritpx; min-width: inheritpx;\\"></span></div>"`;
