// Jest Snapshot v1, https://goo.gl/fbAQLP

exports[`Icon unit tests Should mount the componente 1`] = `""`;
